// Jest Snapshot v1, https://goo.gl/fbAQLP

exports[`testing AlbumTable should match with snapshot 1`] = `
<div>
  <div
    class="Table"
  >
    <table>
      <thead>
        <tr>
          <th />
          <th>
            Image
          </th>
          <th>
            Name
          </th>
          <th>
            Artist
          </th>
          <th>
            Availability
          </th>
        </tr>
      </thead>
      <tbody>
        <tr>
          <td>
            <button
              class="FavoriteButton "
              data-testid="FavoriteButton-button"
            >
              <svg
                aria-hidden="true"
                class="svg-inline--fa fa-heart fa-w-16 "
                data-icon="heart"
                data-prefix="fas"
                focusable="false"
                role="img"
                viewBox="0 0 512 512"
                xmlns="http://www.w3.org/2000/svg"
              >
                <path
                  d="M462.3 62.6C407.5 15.9 326 24.3 275.7 76.2L256 96.5l-19.7-20.3C186.1 24.3 104.5 15.9 49.7 62.6c-62.8 53.6-66.1 149.8-9.9 207.9l193.5 199.8c12.5 12.9 32.8 12.9 45.3 0l193.5-199.8c56.3-58.1 53-154.3-9.8-207.9z"
                  fill="currentColor"
                />
              </svg>
            </button>
          </td>
          <td>
            <img
              alt="album"
              height="20px"
              width="20px"
            />
          </td>
          <td>
            <a
              href="/albums/1"
            >
              TEST_ARTIST
            </a>
          </td>
          <td>
            ARTIST_1
          </td>
          <td>
            Available in Brazil
          </td>
        </tr>
      </tbody>
    </table>
  </div>
</div>
`;
